
> vite_react_shadcn_ts@0.0.0 test:support
> vitest run src/pages/admin/__tests__/AdminSupport.test.tsx


[1m[46m RUN [49m[22m [36mv4.0.18 [39m[90mD:/Buzzly_Dev/BuzzlyDev[39m

 [31mโฏ[39m src/pages/admin/__tests__/AdminSupport.test.tsx [2m([22m[2m6 tests[22m[2m | [22m[31m4 failed[39m[2m)[22m[33m 4416[2mms[22m[39m
     [32mโ“[39m renders support page title and stats[32m 113[2mms[22m[39m
[31m     [31mร—[31m renders error logs from supabase[39m[33m 1043[2mms[22m[39m
[31m     [31mร—[31m filters logs by search query[39m[33m 1038[2mms[22m[39m
[31m     [31mร—[31m filters logs by critical level[39m[33m 1031[2mms[22m[39m
     [32mโ“[39m handles simulate error button[32m 158[2mms[22m[39m
[31m     [31mร—[31m opens details dialog when clicking details button[39m[33m 1031[2mms[22m[39m
cmd : 
At line:1 char:1
+ cmd /c npm run test:support > test_output.txt 2>&1
+ ~~~~~~~~~~~~~~~~~~~~~~~~~~~~~~~~~~~~~~~~~~~~~~~~~~
    + CategoryInfo          : NotSpecified: (:String) [], RemoteException
    + FullyQualifiedErrorId : NativeCommandError
 
[31mโฏโฏโฏโฏโฏโฏโฏ[39m[1m[41m Failed Tests 4 [49m[22m[31mโฏโฏโฏโฏโฏโฏโฏ[39m

[41m[1m FAIL [22m[49m src/pages/admin/__tests__/AdminSupport.test.tsx[2m > [22mAdminSupport[2m > [22mrenders 
error logs from supabase
[31m[1mTestingLibraryElementError[22m[39m: Unable to find an element with the text: Test Error Message. This could 
be because the text is broken up by multiple elements. In this case, you can provide a function for your text matcher 
to make your matcher more flexible.

Ignored nodes: comments, script, style
[36m<body>[39m
  [36m<div>[39m
    [36m<div[39m
      [33mclass[39m=[32m"space-y-6"[39m
    [36m>[39m
      [36m<div[39m
        [33mclass[39m=[32m"flex items-center justify-between"[39m
      [36m>[39m
        [36m<div>[39m
          [36m<h1[39m
            [33mclass[39m=[32m"text-2xl font-bold"[39m
          [36m>[39m
            [0mSupport & Error Logs[0m
          [36m</h1>[39m
          [36m<p[39m
            [33mclass[39m=[32m"text-muted-foreground"[39m
          [36m>[39m
            [0mMonitor and analyze system errors and issues[0m
          [36m</p>[39m
        [36m</div>[39m
        [36m<div[39m
          [33mclass[39m=[32m"flex gap-2"[39m
        [36m>[39m
          [36m<button[39m
            [33mclass[39m=[32m"inline-flex items-center justify-center gap-2 whitespace-nowrap rounded-sm text-sm 
font-medium ring-offset-background transition-all focus-visible:outline-none focus-visible:ring-2 
focus-visible:ring-ring focus-visible:ring-offset-2 disabled:pointer-events-none disabled:opacity-50 
[&_svg]:pointer-events-none [&_svg]:size-4 [&_svg]:shrink-0 uppercase tracking-wider active:scale-95 bg-destructive 
text-destructive-foreground hover:bg-destructive/90 shadow-sm h-10 px-5 py-2"[39m
          [36m>[39m
            [36m<svg[39m
              [33mclass[39m=[32m"lucide lucide-bug h-4 w-4 mr-2"[39m
              [33mfill[39m=[32m"none"[39m
              [33mheight[39m=[32m"24"[39m
              [33mstroke[39m=[32m"currentColor"[39m
              [33mstroke-linecap[39m=[32m"round"[39m
              [33mstroke-linejoin[39m=[32m"round"[39m
              [33mstroke-width[39m=[32m"2"[39m
              [33mviewBox[39m=[32m"0 0 24 24"[39m
              [33mwidth[39m=[32m"24"[39m
              [33mxmlns[39m=[32m"http://www.w3.org/2000/svg"[39m
            [36m>[39m
              [36m<path[39m
                [33md[39m=[32m"m8 2 1.88 1.88"[39m
              [36m/>[39m
              [36m<path[39m
                [33md[39m=[32m"M14.12 3.88 16 2"[39m
              [36m/>[39m
              [36m<path[39m
                [33md[39m=[32m"M9 7.13v-1a3.003 3.003 0 1 1 6 0v1"[39m
              [36m/>[39m
              [36m<path[39m
                [33md[39m=[32m"M12 20c-3.3 0-6-2.7-6-6v-3a4 4 0 0 1 4-4h4a4 4 0 0 1 4 4v3c0 3.3-2.7 6-6 6"[39m
              [36m/>[39m
              [36m<path[39m
                [33md[39m=[32m"M12 20v-9"[39m
              [36m/>[39m
              [36m<path[39m
                [33md[39m=[32m"M6.53 9C4.6 8.8 3 7.1 3 5"[39m
              [36m/>[39m
              [36m<path[39m
                [33md[39m=[32m"M6 13H2"[39m
              [36m/>[39m
              [36m<path[39m
                [33md[39m=[32m"M3 21c0-2.1 1.7-3.9 3.8-4"[39m
              [36m/>[39m
              [36m<path[39m
                [33md[39m=[32m"M20.97 5c0 2.1-1.6 3.8-3.5 4"[39m
              [36m/>[39m
              [36m<path[39m
                [33md[39m=[32m"M22 13h-4"[39m
              [36m/>[39m
              [36m<path[39m
                [33md[39m=[32m"M17.2 17c2.1.1 3.8 1.9 3.8 4"[39m
              [36m/>[39m
            [36m</svg>[39m
            [0mTest Error[0m
          [36m</button>[39m
          [36m<button[39m
            [33mclass[39m=[32m"inline-flex items-center justify-center gap-2 whitespace-nowrap rounded-sm text-sm 
font-medium ring-offset-background transition-all focus-visible:outline-none focus-visible:ring-2 
focus-visible:ring-ring focus-visible:ring-offset-2 disabled:pointer-events-none disabled:opacity-50 
[&_svg]:pointer-events-none [&_svg]:size-4 [&_svg]:shrink-0 uppercase tracking-wider active:scale-95 border 
border-input bg-background/50 backdrop-blur-sm hover:bg-accent hover:text-accent-foreground hover:border-accent/50 
h-10 px-5 py-2"[39m
          [36m>[39m
            [36m<svg[39m
              [33mclass[39m=[32m"lucide lucide-refresh-cw h-4 w-4 mr-2"[39m
              [33mfill[39m=[32m"none"[39m
              [33mheight[39m=[32m"24"[39m
              [33mstroke[39m=[32m"currentColor"[39m
              [33mstroke-linecap[39m=[32m"round"[39m
              [33mstroke-linejoin[39m=[32m"round"[39m
              [33mstroke-width[39m=[32m"2"[39m
              [33mviewBox[39m=[32m"0 0 24 24"[39m
              [33mwidth[39m=[32m"24"[39m
              [33mxmlns[39m=[32m"http://www.w3.org/2000/svg"[39m
            [36m>[39m
              [36m<path[39m
                [33md[39m=[32m"M3 12a9 9 0 0 1 9-9 9.75 9.75 0 0 1 6.74 2.74L21 8"[39m
              [36m/>[39m
              [36m<path[39m
                [33md[39m=[32m"M21 3v5h-5"[39m
              [36m/>[39m
              [36m<path[39m
                [33md[39m=[32m"M21 12a9 9 0 0 1-9 9 9.75 9.75 0 0 1-6.74-2.74L3 16"[39m
              [36m/>[39m
              [36m<path[39m
                [33md[39m=[32m"M8 16H3v5"[39m
              [36m/>[39m
            [36m</svg>[39m
            [0mRefresh[0m
          [36m</button>[39m
        [36m</div>[39m
      [36m</div>[39m
      [36m<div[39m
        [33mclass[39m=[32m"grid grid-cols-1 md:grid-cols-5 gap-4"[39m
      [36m>[39m
        [36m<div[39m
          [33mclass[39m=[32m"rounded-lg border bg-card text-card-foreground shadow-sm"[39m
        [36m>[39m
          [36m<div[39m
            [33mclass[39m=[32m"flex flex-col space-y-1.5 p-6 pb-2"[39m
          [36m>[39m
            [36m<h3[39m
              [33mclass[39m=[32m"tracking-tight text-sm font-medium text-muted-foreground"[39m
            [36m>[39m
              [0mTotal Logs[0m
            [36m</h3>[39m
          [36m</div>[39m
          [36m<div[39m
            [33mclass[39m=[32m"p-6 pt-0"[39m
          [36m>[39m
            [36m<div[39m
              [33mclass[39m=[32m"text-2xl font-bold"[39m
            [36m>[39m
              [0m0[0m
            [36m</div>[39m
          [36m</div>[39m
        [36m</div>[39m
        [36m<div[39m
          [33mclass[39m=[32m"rounded-lg border bg-card text-card-foreground shadow-sm"[39m
        [36m>[39m
          [36m<div[39m
            [33mclass[39m=[32m"flex flex-col space-y-1.5 p-6 pb-2"[39m
          [36m>[39m
            [36m<h3[39m
              [33mclass[39m=[32m"tracking-tight text-sm font-medium text-muted-foreground flex items-center 
gap-2"[39m
            [36m>[39m
              [36m<svg[39m
                [33mclass[39m=[32m"lucide lucide-circle-x h-4 w-4 text-red-700 dark:text-red-500"[39m
                [33mfill[39m=[32m"none"[39m
                [33mheight[39m=[32m"24"[39m
                [33mstroke[39m=[32m"currentColor"[39m
                [33mstroke-linecap[39m=[32m"round"[39m
                [33mstroke-linejoin[39m=[32m"round"[39m
                [33mstro...

Ignored nodes: comments, script, style
[36m<html>[39m
  [36m<head />[39m
  [36m<body>[39m
    [36m<div>[39m
      [36m<div[39m
        [33mclass[39m=[32m"space-y-6"[39m
      [36m>[39m
        [36m<div[39m
          [33mclass[39m=[32m"flex items-center justify-between"[39m
        [36m>[39m
          [36m<div>[39m
            [36m<h1[39m
              [33mclass[39m=[32m"text-2xl font-bold"[39m
            [36m>[39m
              [0mSupport & Error Logs[0m
            [36m</h1>[39m
            [36m<p[39m
              [33mclass[39m=[32m"text-muted-foreground"[39m
            [36m>[39m
              [0mMonitor and analyze system errors and issues[0m
            [36m</p>[39m
          [36m</div>[39m
          [36m<div[39m
            [33mclass[39m=[32m"flex gap-2"[39m
          [36m>[39m
            [36m<button[39m
              [33mclass[39m=[32m"inline-flex items-center justify-center gap-2 whitespace-nowrap rounded-sm text-sm 
font-medium ring-offset-background transition-all focus-visible:outline-none focus-visible:ring-2 
focus-visible:ring-ring focus-visible:ring-offset-2 disabled:pointer-events-none disabled:opacity-50 
[&_svg]:pointer-events-none [&_svg]:size-4 [&_svg]:shrink-0 uppercase tracking-wider active:scale-95 bg-destructive 
text-destructive-foreground hover:bg-destructive/90 shadow-sm h-10 px-5 py-2"[39m
            [36m>[39m
              [36m<svg[39m
                [33mclass[39m=[32m"lucide lucide-bug h-4 w-4 mr-2"[39m
                [33mfill[39m=[32m"none"[39m
                [33mheight[39m=[32m"24"[39m
                [33mstroke[39m=[32m"currentColor"[39m
                [33mstroke-linecap[39m=[32m"round"[39m
                [33mstroke-linejoin[39m=[32m"round"[39m
                [33mstroke-width[39m=[32m"2"[39m
                [33mviewBox[39m=[32m"0 0 24 24"[39m
                [33mwidth[39m=[32m"24"[39m
                [33mxmlns[39m=[32m"http://www.w3.org/2000/svg"[39m
              [36m>[39m
                [36m<path[39m
                  [33md[39m=[32m"m8 2 1.88 1.88"[39m
                [36m/>[39m
                [36m<path[39m
                  [33md[39m=[32m"M14.12 3.88 16 2"[39m
                [36m/>[39m
                [36m<path[39m
                  [33md[39m=[32m"M9 7.13v-1a3.003 3.003 0 1 1 6 0v1"[39m
                [36m/>[39m
                [36m<path[39m
                  [33md[39m=[32m"M12 20c-3.3 0-6-2.7-6-6v-3a4 4 0 0 1 4-4h4a4 4 0 0 1 4 4v3c0 3.3-2.7 6-6 6"[39m
                [36m/>[39m
                [36m<path[39m
                  [33md[39m=[32m"M12 20v-9"[39m
                [36m/>[39m
                [36m<path[39m
                  [33md[39m=[32m"M6.53 9C4.6 8.8 3 7.1 3 5"[39m
                [36m/>[39m
                [36m<path[39m
                  [33md[39m=[32m"M6 13H2"[39m
                [36m/>[39m
                [36m<path[39m
                  [33md[39m=[32m"M3 21c0-2.1 1.7-3.9 3.8-4"[39m
                [36m/>[39m
                [36m<path[39m
                  [33md[39m=[32m"M20.97 5c0 2.1-1.6 3.8-3.5 4"[39m
                [36m/>[39m
                [36m<path[39m
                  [33md[39m=[32m"M22 13h-4"[39m
                [36m/>[39m
                [36m<path[39m
                  [33md[39m=[32m"M17.2 17c2.1.1 3.8 1.9 3.8 4"[39m
                [36m/>[39m
              [36m</svg>[39m
              [0mTest Error[0m
            [36m</button>[39m
            [36m<button[39m
              [33mclass[39m=[32m"inline-flex items-center justify-center gap-2 whitespace-nowrap rounded-sm text-sm 
font-medium ring-offset-background transition-all focus-visible:outline-none focus-visible:ring-2 
focus-visible:ring-ring focus-visible:ring-offset-2 disabled:pointer-events-none disabled:opacity-50 
[&_svg]:pointer-events-none [&_svg]:size-4 [&_svg]:shrink-0 uppercase tracking-wider active:scale-95 border 
border-input bg-background/50 backdrop-blur-sm hover:bg-accent hover:text-accent-foreground hover:border-accent/50 
h-10 px-5 py-2"[39m
            [36m>[39m
              [36m<svg[39m
                [33mclass[39m=[32m"lucide lucide-refresh-cw h-4 w-4 mr-2"[39m
                [33mfill[39m=[32m"none"[39m
                [33mheight[39m=[32m"24"[39m
                [33mstroke[39m=[32m"currentColor"[39m
                [33mstroke-linecap[39m=[32m"round"[39m
                [33mstroke-linejoin[39m=[32m"round"[39m
                [33mstroke-width[39m=[32m"2"[39m
                [33mviewBox[39m=[32m"0 0 24 24"[39m
                [33mwidth[39m=[32m"24"[39m
                [33mxmlns[39m=[32m"http://www.w3.org/2000/svg"[39m
              [36m>[39m
                [36m<path[39m
                  [33md[39m=[32m"M3 12a9 9 0 0 1 9-9 9.75 9.75 0 0 1 6.74 2.74L21 8"[39m
                [36m/>[39m
                [36m<path[39m
                  [33md[39m=[32m"M21 3v5h-5"[39m
                [36m/>[39m
                [36m<path[39m
                  [33md[39m=[32m"M21 12a9 9 0 0 1-9 9 9.75 9.75 0 0 1-6.74-2.74L3 16"[39m
                [36m/>[39m
                [36m<path[39m
                  [33md[39m=[32m"M8 16H3v5"[39m
                [36m/>[39m
              [36m</svg>[39m
              [0mRefresh[0m
            [36m</button>[39m
          [36m</div>[39m
        [36m</div>[39m
        [36m<div[39m
          [33mclass[39m=[32m"grid grid-cols-1 md:grid-cols-5 gap-4"[39m
        [36m>[39m
          [36m<div[39m
            [33mclass[39m=[32m"rounded-lg border bg-card text-card-foreground shadow-sm"[39m
          [36m>[39m
            [36m<div[39m
              [33mclass[39m=[32m"flex flex-col space-y-1.5 p-6 pb-2"[39m
            [36m>[39m
              [36m<h3[39m
                [33mclass[39m=[32m"tracking-tight text-sm font-medium text-muted-foreground"[39m
              [36m>[39m
                [0mTotal Logs[0m
              [36m</h3>[39m
            [36m</div>[39m
            [36m<div[39m
              [33mclass[39m=[32m"p-6 pt-0"[39m
            [36m>[39m
              [36m<div[39m
                [33mclass[39m=[32m"text-2xl font-bold"[39m
              [36m>[39m
                [0m0[0m
              [36m</div>[39m
            [36m</div>[39m
          [36m</div>[39m
          [36m<div[39m
            [33mclass[39m=[32m"rounded-lg border bg-card text-card-foreground shadow-sm"[39m
          [36m>[39m
            [36m<div[39m
              [33mclass[39m=[32m"flex flex-col space-y-1.5 p-6 pb-2"[39m
            [36m>[39m
              [36m<h3[39m
                [33mclass[39m=[32m"tracking-tight text-sm font-medium text-muted-foreground flex items-center 
gap-2"[39m
              [36m>[39m
                [36m<svg[39m
                  [33mclass[39m=[32m"lucide lucide-circle-x h-4 w-4 text-red-700 ...
[90m [2mโฏ[22m Proxy.waitFor node_modules/@testing-library/dom/dist/wait-for.js:[2m163:27[22m[39m
[36m [2mโฏ[22m src/pages/admin/__tests__/AdminSupport.test.tsx:[2m96:15[22m[39m
    [90m 94| [39m        [34mrenderComponent[39m()[33m;[39m
    [90m 95| [39m
    [90m 96| [39m        [35mawait[39m [34mwaitFor[39m(() [33m=>[39m {
    [90m   | [39m              [31m^[39m
    [90m 97| [39m            expect(screen.getByText('Test Error Message')).toBeInTheDoโ€ฆ
    [90m 98| [39m            expect(screen.getByText('user-123...')).toBeInTheDocument(โ€ฆ

[31m[2mโฏโฏโฏโฏโฏโฏโฏโฏโฏโฏโฏโฏโฏโฏโฏโฏโฏโฏโฏโฏโฏโฏโฏโฏ[1/4]โฏ[22m[39m

[41m[1m FAIL [22m[49m src/pages/admin/__tests__/AdminSupport.test.tsx[2m > [22mAdminSupport[2m > [22mfilters 
logs by search query
[31m[1mTestingLibraryElementError[22m[39m: Unable to find an element with the text: Unique Error. This could be 
because the text is broken up by multiple elements. In this case, you can provide a function for your text matcher to 
make your matcher more flexible.

Ignored nodes: comments, script, style
[36m<body>[39m
  [36m<div>[39m
    [36m<div[39m
      [33mclass[39m=[32m"space-y-6"[39m
    [36m>[39m
      [36m<div[39m
        [33mclass[39m=[32m"flex items-center justify-between"[39m
      [36m>[39m
        [36m<div>[39m
          [36m<h1[39m
            [33mclass[39m=[32m"text-2xl font-bold"[39m
          [36m>[39m
            [0mSupport & Error Logs[0m
          [36m</h1>[39m
          [36m<p[39m
            [33mclass[39m=[32m"text-muted-foreground"[39m
          [36m>[39m
            [0mMonitor and analyze system errors and issues[0m
          [36m</p>[39m
        [36m</div>[39m
        [36m<div[39m
          [33mclass[39m=[32m"flex gap-2"[39m
        [36m>[39m
          [36m<button[39m
            [33mclass[39m=[32m"inline-flex items-center justify-center gap-2 whitespace-nowrap rounded-sm text-sm 
font-medium ring-offset-background transition-all focus-visible:outline-none focus-visible:ring-2 
focus-visible:ring-ring focus-visible:ring-offset-2 disabled:pointer-events-none disabled:opacity-50 
[&_svg]:pointer-events-none [&_svg]:size-4 [&_svg]:shrink-0 uppercase tracking-wider active:scale-95 bg-destructive 
text-destructive-foreground hover:bg-destructive/90 shadow-sm h-10 px-5 py-2"[39m
          [36m>[39m
            [36m<svg[39m
              [33mclass[39m=[32m"lucide lucide-bug h-4 w-4 mr-2"[39m
              [33mfill[39m=[32m"none"[39m
              [33mheight[39m=[32m"24"[39m
              [33mstroke[39m=[32m"currentColor"[39m
              [33mstroke-linecap[39m=[32m"round"[39m
              [33mstroke-linejoin[39m=[32m"round"[39m
              [33mstroke-width[39m=[32m"2"[39m
              [33mviewBox[39m=[32m"0 0 24 24"[39m
              [33mwidth[39m=[32m"24"[39m
              [33mxmlns[39m=[32m"http://www.w3.org/2000/svg"[39m
            [36m>[39m
              [36m<path[39m
                [33md[39m=[32m"m8 2 1.88 1.88"[39m
              [36m/>[39m
              [36m<path[39m
                [33md[39m=[32m"M14.12 3.88 16 2"[39m
              [36m/>[39m
              [36m<path[39m
                [33md[39m=[32m"M9 7.13v-1a3.003 3.003 0 1 1 6 0v1"[39m
              [36m/>[39m
              [36m<path[39m
                [33md[39m=[32m"M12 20c-3.3 0-6-2.7-6-6v-3a4 4 0 0 1 4-4h4a4 4 0 0 1 4 4v3c0 3.3-2.7 6-6 6"[39m
              [36m/>[39m
              [36m<path[39m
                [33md[39m=[32m"M12 20v-9"[39m
              [36m/>[39m
              [36m<path[39m
                [33md[39m=[32m"M6.53 9C4.6 8.8 3 7.1 3 5"[39m
              [36m/>[39m
              [36m<path[39m
                [33md[39m=[32m"M6 13H2"[39m
              [36m/>[39m
              [36m<path[39m
                [33md[39m=[32m"M3 21c0-2.1 1.7-3.9 3.8-4"[39m
              [36m/>[39m
              [36m<path[39m
                [33md[39m=[32m"M20.97 5c0 2.1-1.6 3.8-3.5 4"[39m
              [36m/>[39m
              [36m<path[39m
                [33md[39m=[32m"M22 13h-4"[39m
              [36m/>[39m
              [36m<path[39m
                [33md[39m=[32m"M17.2 17c2.1.1 3.8 1.9 3.8 4"[39m
              [36m/>[39m
            [36m</svg>[39m
            [0mTest Error[0m
          [36m</button>[39m
          [36m<button[39m
            [33mclass[39m=[32m"inline-flex items-center justify-center gap-2 whitespace-nowrap rounded-sm text-sm 
font-medium ring-offset-background transition-all focus-visible:outline-none focus-visible:ring-2 
focus-visible:ring-ring focus-visible:ring-offset-2 disabled:pointer-events-none disabled:opacity-50 
[&_svg]:pointer-events-none [&_svg]:size-4 [&_svg]:shrink-0 uppercase tracking-wider active:scale-95 border 
border-input bg-background/50 backdrop-blur-sm hover:bg-accent hover:text-accent-foreground hover:border-accent/50 
h-10 px-5 py-2"[39m
          [36m>[39m
            [36m<svg[39m
              [33mclass[39m=[32m"lucide lucide-refresh-cw h-4 w-4 mr-2"[39m
              [33mfill[39m=[32m"none"[39m
              [33mheight[39m=[32m"24"[39m
              [33mstroke[39m=[32m"currentColor"[39m
              [33mstroke-linecap[39m=[32m"round"[39m
              [33mstroke-linejoin[39m=[32m"round"[39m
              [33mstroke-width[39m=[32m"2"[39m
              [33mviewBox[39m=[32m"0 0 24 24"[39m
              [33mwidth[39m=[32m"24"[39m
              [33mxmlns[39m=[32m"http://www.w3.org/2000/svg"[39m
            [36m>[39m
              [36m<path[39m
                [33md[39m=[32m"M3 12a9 9 0 0 1 9-9 9.75 9.75 0 0 1 6.74 2.74L21 8"[39m
              [36m/>[39m
              [36m<path[39m
                [33md[39m=[32m"M21 3v5h-5"[39m
              [36m/>[39m
              [36m<path[39m
                [33md[39m=[32m"M21 12a9 9 0 0 1-9 9 9.75 9.75 0 0 1-6.74-2.74L3 16"[39m
              [36m/>[39m
              [36m<path[39m
                [33md[39m=[32m"M8 16H3v5"[39m
              [36m/>[39m
            [36m</svg>[39m
            [0mRefresh[0m
          [36m</button>[39m
        [36m</div>[39m
      [36m</div>[39m
      [36m<div[39m
        [33mclass[39m=[32m"grid grid-cols-1 md:grid-cols-5 gap-4"[39m
      [36m>[39m
        [36m<div[39m
          [33mclass[39m=[32m"rounded-lg border bg-card text-card-foreground shadow-sm"[39m
        [36m>[39m
          [36m<div[39m
            [33mclass[39m=[32m"flex flex-col space-y-1.5 p-6 pb-2"[39m
          [36m>[39m
            [36m<h3[39m
              [33mclass[39m=[32m"tracking-tight text-sm font-medium text-muted-foreground"[39m
            [36m>[39m
              [0mTotal Logs[0m
            [36m</h3>[39m
          [36m</div>[39m
          [36m<div[39m
            [33mclass[39m=[32m"p-6 pt-0"[39m
          [36m>[39m
            [36m<div[39m
              [33mclass[39m=[32m"text-2xl font-bold"[39m
            [36m>[39m
              [0m0[0m
            [36m</div>[39m
          [36m</div>[39m
        [36m</div>[39m
        [36m<div[39m
          [33mclass[39m=[32m"rounded-lg border bg-card text-card-foreground shadow-sm"[39m
        [36m>[39m
          [36m<div[39m
            [33mclass[39m=[32m"flex flex-col space-y-1.5 p-6 pb-2"[39m
          [36m>[39m
            [36m<h3[39m
              [33mclass[39m=[32m"tracking-tight text-sm font-medium text-muted-foreground flex items-center 
gap-2"[39m
            [36m>[39m
              [36m<svg[39m
                [33mclass[39m=[32m"lucide lucide-circle-x h-4 w-4 text-red-700 dark:text-red-500"[39m
                [33mfill[39m=[32m"none"[39m
                [33mheight[39m=[32m"24"[39m
                [33mstroke[39m=[32m"currentColor"[39m
                [33mstroke-linecap[39m=[32m"round"[39m
                [33mstroke-linejoin[39m=[32m"round"[39m
                [33mstro...

Ignored nodes: comments, script, style
[36m<html>[39m
  [36m<head />[39m
  [36m<body>[39m
    [36m<div>[39m
      [36m<div[39m
        [33mclass[39m=[32m"space-y-6"[39m
      [36m>[39m
        [36m<div[39m
          [33mclass[39m=[32m"flex items-center justify-between"[39m
        [36m>[39m
          [36m<div>[39m
            [36m<h1[39m
              [33mclass[39m=[32m"text-2xl font-bold"[39m
            [36m>[39m
              [0mSupport & Error Logs[0m
            [36m</h1>[39m
            [36m<p[39m
              [33mclass[39m=[32m"text-muted-foreground"[39m
            [36m>[39m
              [0mMonitor and analyze system errors and issues[0m
            [36m</p>[39m
          [36m</div>[39m
          [36m<div[39m
            [33mclass[39m=[32m"flex gap-2"[39m
          [36m>[39m
            [36m<button[39m
              [33mclass[39m=[32m"inline-flex items-center justify-center gap-2 whitespace-nowrap rounded-sm text-sm 
font-medium ring-offset-background transition-all focus-visible:outline-none focus-visible:ring-2 
focus-visible:ring-ring focus-visible:ring-offset-2 disabled:pointer-events-none disabled:opacity-50 
[&_svg]:pointer-events-none [&_svg]:size-4 [&_svg]:shrink-0 uppercase tracking-wider active:scale-95 bg-destructive 
text-destructive-foreground hover:bg-destructive/90 shadow-sm h-10 px-5 py-2"[39m
            [36m>[39m
              [36m<svg[39m
                [33mclass[39m=[32m"lucide lucide-bug h-4 w-4 mr-2"[39m
                [33mfill[39m=[32m"none"[39m
                [33mheight[39m=[32m"24"[39m
                [33mstroke[39m=[32m"currentColor"[39m
                [33mstroke-linecap[39m=[32m"round"[39m
                [33mstroke-linejoin[39m=[32m"round"[39m
                [33mstroke-width[39m=[32m"2"[39m
                [33mviewBox[39m=[32m"0 0 24 24"[39m
                [33mwidth[39m=[32m"24"[39m
                [33mxmlns[39m=[32m"http://www.w3.org/2000/svg"[39m
              [36m>[39m
                [36m<path[39m
                  [33md[39m=[32m"m8 2 1.88 1.88"[39m
                [36m/>[39m
                [36m<path[39m
                  [33md[39m=[32m"M14.12 3.88 16 2"[39m
                [36m/>[39m
                [36m<path[39m
                  [33md[39m=[32m"M9 7.13v-1a3.003 3.003 0 1 1 6 0v1"[39m
                [36m/>[39m
                [36m<path[39m
                  [33md[39m=[32m"M12 20c-3.3 0-6-2.7-6-6v-3a4 4 0 0 1 4-4h4a4 4 0 0 1 4 4v3c0 3.3-2.7 6-6 6"[39m
                [36m/>[39m
                [36m<path[39m
                  [33md[39m=[32m"M12 20v-9"[39m
                [36m/>[39m
                [36m<path[39m
                  [33md[39m=[32m"M6.53 9C4.6 8.8 3 7.1 3 5"[39m
                [36m/>[39m
                [36m<path[39m
                  [33md[39m=[32m"M6 13H2"[39m
                [36m/>[39m
                [36m<path[39m
                  [33md[39m=[32m"M3 21c0-2.1 1.7-3.9 3.8-4"[39m
                [36m/>[39m
                [36m<path[39m
                  [33md[39m=[32m"M20.97 5c0 2.1-1.6 3.8-3.5 4"[39m
                [36m/>[39m
                [36m<path[39m
                  [33md[39m=[32m"M22 13h-4"[39m
                [36m/>[39m
                [36m<path[39m
                  [33md[39m=[32m"M17.2 17c2.1.1 3.8 1.9 3.8 4"[39m
                [36m/>[39m
              [36m</svg>[39m
              [0mTest Error[0m
            [36m</button>[39m
            [36m<button[39m
              [33mclass[39m=[32m"inline-flex items-center justify-center gap-2 whitespace-nowrap rounded-sm text-sm 
font-medium ring-offset-background transition-all focus-visible:outline-none focus-visible:ring-2 
focus-visible:ring-ring focus-visible:ring-offset-2 disabled:pointer-events-none disabled:opacity-50 
[&_svg]:pointer-events-none [&_svg]:size-4 [&_svg]:shrink-0 uppercase tracking-wider active:scale-95 border 
border-input bg-background/50 backdrop-blur-sm hover:bg-accent hover:text-accent-foreground hover:border-accent/50 
h-10 px-5 py-2"[39m
            [36m>[39m
              [36m<svg[39m
                [33mclass[39m=[32m"lucide lucide-refresh-cw h-4 w-4 mr-2"[39m
                [33mfill[39m=[32m"none"[39m
                [33mheight[39m=[32m"24"[39m
                [33mstroke[39m=[32m"currentColor"[39m
                [33mstroke-linecap[39m=[32m"round"[39m
                [33mstroke-linejoin[39m=[32m"round"[39m
                [33mstroke-width[39m=[32m"2"[39m
                [33mviewBox[39m=[32m"0 0 24 24"[39m
                [33mwidth[39m=[32m"24"[39m
                [33mxmlns[39m=[32m"http://www.w3.org/2000/svg"[39m
              [36m>[39m
                [36m<path[39m
                  [33md[39m=[32m"M3 12a9 9 0 0 1 9-9 9.75 9.75 0 0 1 6.74 2.74L21 8"[39m
                [36m/>[39m
                [36m<path[39m
                  [33md[39m=[32m"M21 3v5h-5"[39m
                [36m/>[39m
                [36m<path[39m
                  [33md[39m=[32m"M21 12a9 9 0 0 1-9 9 9.75 9.75 0 0 1-6.74-2.74L3 16"[39m
                [36m/>[39m
                [36m<path[39m
                  [33md[39m=[32m"M8 16H3v5"[39m
                [36m/>[39m
              [36m</svg>[39m
              [0mRefresh[0m
            [36m</button>[39m
          [36m</div>[39m
        [36m</div>[39m
        [36m<div[39m
          [33mclass[39m=[32m"grid grid-cols-1 md:grid-cols-5 gap-4"[39m
        [36m>[39m
          [36m<div[39m
            [33mclass[39m=[32m"rounded-lg border bg-card text-card-foreground shadow-sm"[39m
          [36m>[39m
            [36m<div[39m
              [33mclass[39m=[32m"flex flex-col space-y-1.5 p-6 pb-2"[39m
            [36m>[39m
              [36m<h3[39m
                [33mclass[39m=[32m"tracking-tight text-sm font-medium text-muted-foreground"[39m
              [36m>[39m
                [0mTotal Logs[0m
              [36m</h3>[39m
            [36m</div>[39m
            [36m<div[39m
              [33mclass[39m=[32m"p-6 pt-0"[39m
            [36m>[39m
              [36m<div[39m
                [33mclass[39m=[32m"text-2xl font-bold"[39m
              [36m>[39m
                [0m0[0m
              [36m</div>[39m
            [36m</div>[39m
          [36m</div>[39m
          [36m<div[39m
            [33mclass[39m=[32m"rounded-lg border bg-card text-card-foreground shadow-sm"[39m
          [36m>[39m
            [36m<div[39m
              [33mclass[39m=[32m"flex flex-col space-y-1.5 p-6 pb-2"[39m
            [36m>[39m
              [36m<h3[39m
                [33mclass[39m=[32m"tracking-tight text-sm font-medium text-muted-foreground flex items-center 
gap-2"[39m
              [36m>[39m
                [36m<svg[39m
                  [33mclass[39m=[32m"lucide lucide-circle-x h-4 w-4 text-red-700 ...
[90m [2mโฏ[22m Proxy.waitFor node_modules/@testing-library/dom/dist/wait-for.js:[2m163:27[22m[39m
[36m [2mโฏ[22m src/pages/admin/__tests__/AdminSupport.test.tsx:[2m127:15[22m[39m
    [90m125| [39m        [34mrenderComponent[39m()[33m;[39m
    [90m126| [39m
    [90m127| [39m        [35mawait[39m [34mwaitFor[39m(() [33m=>[39m {
    [90m   | [39m              [31m^[39m
    [90m128| [39m            expect(screen.getByText('Unique Error')).toBeInTheDocumentโ€ฆ
    [90m129| [39m            expect(screen.getByText('Common Info')).toBeInTheDocument(โ€ฆ

[31m[2mโฏโฏโฏโฏโฏโฏโฏโฏโฏโฏโฏโฏโฏโฏโฏโฏโฏโฏโฏโฏโฏโฏโฏโฏ[2/4]โฏ[22m[39m

[41m[1m FAIL [22m[49m src/pages/admin/__tests__/AdminSupport.test.tsx[2m > [22mAdminSupport[2m > [22mfilters 
logs by critical level
[31m[1mTestingLibraryElementError[22m[39m: Unable to find an element with the text: Critical Error. This could be 
because the text is broken up by multiple elements. In this case, you can provide a function for your text matcher to 
make your matcher more flexible.

Ignored nodes: comments, script, style
[36m<body>[39m
  [36m<div>[39m
    [36m<div[39m
      [33mclass[39m=[32m"space-y-6"[39m
    [36m>[39m
      [36m<div[39m
        [33mclass[39m=[32m"flex items-center justify-between"[39m
      [36m>[39m
        [36m<div>[39m
          [36m<h1[39m
            [33mclass[39m=[32m"text-2xl font-bold"[39m
          [36m>[39m
            [0mSupport & Error Logs[0m
          [36m</h1>[39m
          [36m<p[39m
            [33mclass[39m=[32m"text-muted-foreground"[39m
          [36m>[39m
            [0mMonitor and analyze system errors and issues[0m
          [36m</p>[39m
        [36m</div>[39m
        [36m<div[39m
          [33mclass[39m=[32m"flex gap-2"[39m
        [36m>[39m
          [36m<button[39m
            [33mclass[39m=[32m"inline-flex items-center justify-center gap-2 whitespace-nowrap rounded-sm text-sm 
font-medium ring-offset-background transition-all focus-visible:outline-none focus-visible:ring-2 
focus-visible:ring-ring focus-visible:ring-offset-2 disabled:pointer-events-none disabled:opacity-50 
[&_svg]:pointer-events-none [&_svg]:size-4 [&_svg]:shrink-0 uppercase tracking-wider active:scale-95 bg-destructive 
text-destructive-foreground hover:bg-destructive/90 shadow-sm h-10 px-5 py-2"[39m
          [36m>[39m
            [36m<svg[39m
              [33mclass[39m=[32m"lucide lucide-bug h-4 w-4 mr-2"[39m
              [33mfill[39m=[32m"none"[39m
              [33mheight[39m=[32m"24"[39m
              [33mstroke[39m=[32m"currentColor"[39m
              [33mstroke-linecap[39m=[32m"round"[39m
              [33mstroke-linejoin[39m=[32m"round"[39m
              [33mstroke-width[39m=[32m"2"[39m
              [33mviewBox[39m=[32m"0 0 24 24"[39m
              [33mwidth[39m=[32m"24"[39m
              [33mxmlns[39m=[32m"http://www.w3.org/2000/svg"[39m
            [36m>[39m
              [36m<path[39m
                [33md[39m=[32m"m8 2 1.88 1.88"[39m
              [36m/>[39m
              [36m<path[39m
                [33md[39m=[32m"M14.12 3.88 16 2"[39m
              [36m/>[39m
              [36m<path[39m
                [33md[39m=[32m"M9 7.13v-1a3.003 3.003 0 1 1 6 0v1"[39m
              [36m/>[39m
              [36m<path[39m
                [33md[39m=[32m"M12 20c-3.3 0-6-2.7-6-6v-3a4 4 0 0 1 4-4h4a4 4 0 0 1 4 4v3c0 3.3-2.7 6-6 6"[39m
              [36m/>[39m
              [36m<path[39m
                [33md[39m=[32m"M12 20v-9"[39m
              [36m/>[39m
              [36m<path[39m
                [33md[39m=[32m"M6.53 9C4.6 8.8 3 7.1 3 5"[39m
              [36m/>[39m
              [36m<path[39m
                [33md[39m=[32m"M6 13H2"[39m
              [36m/>[39m
              [36m<path[39m
                [33md[39m=[32m"M3 21c0-2.1 1.7-3.9 3.8-4"[39m
              [36m/>[39m
              [36m<path[39m
                [33md[39m=[32m"M20.97 5c0 2.1-1.6 3.8-3.5 4"[39m
              [36m/>[39m
              [36m<path[39m
                [33md[39m=[32m"M22 13h-4"[39m
              [36m/>[39m
              [36m<path[39m
                [33md[39m=[32m"M17.2 17c2.1.1 3.8 1.9 3.8 4"[39m
              [36m/>[39m
            [36m</svg>[39m
            [0mTest Error[0m
          [36m</button>[39m
          [36m<button[39m
            [33mclass[39m=[32m"inline-flex items-center justify-center gap-2 whitespace-nowrap rounded-sm text-sm 
font-medium ring-offset-background transition-all focus-visible:outline-none focus-visible:ring-2 
focus-visible:ring-ring focus-visible:ring-offset-2 disabled:pointer-events-none disabled:opacity-50 
[&_svg]:pointer-events-none [&_svg]:size-4 [&_svg]:shrink-0 uppercase tracking-wider active:scale-95 border 
border-input bg-background/50 backdrop-blur-sm hover:bg-accent hover:text-accent-foreground hover:border-accent/50 
h-10 px-5 py-2"[39m
          [36m>[39m
            [36m<svg[39m
              [33mclass[39m=[32m"lucide lucide-refresh-cw h-4 w-4 mr-2"[39m
              [33mfill[39m=[32m"none"[39m
              [33mheight[39m=[32m"24"[39m
              [33mstroke[39m=[32m"currentColor"[39m
              [33mstroke-linecap[39m=[32m"round"[39m
              [33mstroke-linejoin[39m=[32m"round"[39m
              [33mstroke-width[39m=[32m"2"[39m
              [33mviewBox[39m=[32m"0 0 24 24"[39m
              [33mwidth[39m=[32m"24"[39m
              [33mxmlns[39m=[32m"http://www.w3.org/2000/svg"[39m
            [36m>[39m
              [36m<path[39m
                [33md[39m=[32m"M3 12a9 9 0 0 1 9-9 9.75 9.75 0 0 1 6.74 2.74L21 8"[39m
              [36m/>[39m
              [36m<path[39m
                [33md[39m=[32m"M21 3v5h-5"[39m
              [36m/>[39m
              [36m<path[39m
                [33md[39m=[32m"M21 12a9 9 0 0 1-9 9 9.75 9.75 0 0 1-6.74-2.74L3 16"[39m
              [36m/>[39m
              [36m<path[39m
                [33md[39m=[32m"M8 16H3v5"[39m
              [36m/>[39m
            [36m</svg>[39m
            [0mRefresh[0m
          [36m</button>[39m
        [36m</div>[39m
      [36m</div>[39m
      [36m<div[39m
        [33mclass[39m=[32m"grid grid-cols-1 md:grid-cols-5 gap-4"[39m
      [36m>[39m
        [36m<div[39m
          [33mclass[39m=[32m"rounded-lg border bg-card text-card-foreground shadow-sm"[39m
        [36m>[39m
          [36m<div[39m
            [33mclass[39m=[32m"flex flex-col space-y-1.5 p-6 pb-2"[39m
          [36m>[39m
            [36m<h3[39m
              [33mclass[39m=[32m"tracking-tight text-sm font-medium text-muted-foreground"[39m
            [36m>[39m
              [0mTotal Logs[0m
            [36m</h3>[39m
          [36m</div>[39m
          [36m<div[39m
            [33mclass[39m=[32m"p-6 pt-0"[39m
          [36m>[39m
            [36m<div[39m
              [33mclass[39m=[32m"text-2xl font-bold"[39m
            [36m>[39m
              [0m0[0m
            [36m</div>[39m
          [36m</div>[39m
        [36m</div>[39m
        [36m<div[39m
          [33mclass[39m=[32m"rounded-lg border bg-card text-card-foreground shadow-sm"[39m
        [36m>[39m
          [36m<div[39m
            [33mclass[39m=[32m"flex flex-col space-y-1.5 p-6 pb-2"[39m
          [36m>[39m
            [36m<h3[39m
              [33mclass[39m=[32m"tracking-tight text-sm font-medium text-muted-foreground flex items-center 
gap-2"[39m
            [36m>[39m
              [36m<svg[39m
                [33mclass[39m=[32m"lucide lucide-circle-x h-4 w-4 text-red-700 dark:text-red-500"[39m
                [33mfill[39m=[32m"none"[39m
                [33mheight[39m=[32m"24"[39m
                [33mstroke[39m=[32m"currentColor"[39m
                [33mstroke-linecap[39m=[32m"round"[39m
                [33mstroke-linejoin[39m=[32m"round"[39m
                [33mstro...

Ignored nodes: comments, script, style
[36m<html>[39m
  [36m<head />[39m
  [36m<body>[39m
    [36m<div>[39m
      [36m<div[39m
        [33mclass[39m=[32m"space-y-6"[39m
      [36m>[39m
        [36m<div[39m
          [33mclass[39m=[32m"flex items-center justify-between"[39m
        [36m>[39m
          [36m<div>[39m
            [36m<h1[39m
              [33mclass[39m=[32m"text-2xl font-bold"[39m
            [36m>[39m
              [0mSupport & Error Logs[0m
            [36m</h1>[39m
            [36m<p[39m
              [33mclass[39m=[32m"text-muted-foreground"[39m
            [36m>[39m
              [0mMonitor and analyze system errors and issues[0m
            [36m</p>[39m
          [36m</div>[39m
          [36m<div[39m
            [33mclass[39m=[32m"flex gap-2"[39m
          [36m>[39m
            [36m<button[39m
              [33mclass[39m=[32m"inline-flex items-center justify-center gap-2 whitespace-nowrap rounded-sm text-sm 
font-medium ring-offset-background transition-all focus-visible:outline-none focus-visible:ring-2 
focus-visible:ring-ring focus-visible:ring-offset-2 disabled:pointer-events-none disabled:opacity-50 
[&_svg]:pointer-events-none [&_svg]:size-4 [&_svg]:shrink-0 uppercase tracking-wider active:scale-95 bg-destructive 
text-destructive-foreground hover:bg-destructive/90 shadow-sm h-10 px-5 py-2"[39m
            [36m>[39m
              [36m<svg[39m
                [33mclass[39m=[32m"lucide lucide-bug h-4 w-4 mr-2"[39m
                [33mfill[39m=[32m"none"[39m
                [33mheight[39m=[32m"24"[39m
                [33mstroke[39m=[32m"currentColor"[39m
                [33mstroke-linecap[39m=[32m"round"[39m
                [33mstroke-linejoin[39m=[32m"round"[39m
                [33mstroke-width[39m=[32m"2"[39m
                [33mviewBox[39m=[32m"0 0 24 24"[39m
                [33mwidth[39m=[32m"24"[39m
                [33mxmlns[39m=[32m"http://www.w3.org/2000/svg"[39m
              [36m>[39m
                [36m<path[39m
                  [33md[39m=[32m"m8 2 1.88 1.88"[39m
                [36m/>[39m
                [36m<path[39m
                  [33md[39m=[32m"M14.12 3.88 16 2"[39m
                [36m/>[39m
                [36m<path[39m
                  [33md[39m=[32m"M9 7.13v-1a3.003 3.003 0 1 1 6 0v1"[39m
                [36m/>[39m
                [36m<path[39m
                  [33md[39m=[32m"M12 20c-3.3 0-6-2.7-6-6v-3a4 4 0 0 1 4-4h4a4 4 0 0 1 4 4v3c0 3.3-2.7 6-6 6"[39m
                [36m/>[39m
                [36m<path[39m
                  [33md[39m=[32m"M12 20v-9"[39m
                [36m/>[39m
                [36m<path[39m
                  [33md[39m=[32m"M6.53 9C4.6 8.8 3 7.1 3 5"[39m
                [36m/>[39m
                [36m<path[39m
                  [33md[39m=[32m"M6 13H2"[39m
                [36m/>[39m
                [36m<path[39m
                  [33md[39m=[32m"M3 21c0-2.1 1.7-3.9 3.8-4"[39m
                [36m/>[39m
                [36m<path[39m
                  [33md[39m=[32m"M20.97 5c0 2.1-1.6 3.8-3.5 4"[39m
                [36m/>[39m
                [36m<path[39m
                  [33md[39m=[32m"M22 13h-4"[39m
                [36m/>[39m
                [36m<path[39m
                  [33md[39m=[32m"M17.2 17c2.1.1 3.8 1.9 3.8 4"[39m
                [36m/>[39m
              [36m</svg>[39m
              [0mTest Error[0m
            [36m</button>[39m
            [36m<button[39m
              [33mclass[39m=[32m"inline-flex items-center justify-center gap-2 whitespace-nowrap rounded-sm text-sm 
font-medium ring-offset-background transition-all focus-visible:outline-none focus-visible:ring-2 
focus-visible:ring-ring focus-visible:ring-offset-2 disabled:pointer-events-none disabled:opacity-50 
[&_svg]:pointer-events-none [&_svg]:size-4 [&_svg]:shrink-0 uppercase tracking-wider active:scale-95 border 
border-input bg-background/50 backdrop-blur-sm hover:bg-accent hover:text-accent-foreground hover:border-accent/50 
h-10 px-5 py-2"[39m
            [36m>[39m
              [36m<svg[39m
                [33mclass[39m=[32m"lucide lucide-refresh-cw h-4 w-4 mr-2"[39m
                [33mfill[39m=[32m"none"[39m
                [33mheight[39m=[32m"24"[39m
                [33mstroke[39m=[32m"currentColor"[39m
                [33mstroke-linecap[39m=[32m"round"[39m
                [33mstroke-linejoin[39m=[32m"round"[39m
                [33mstroke-width[39m=[32m"2"[39m
                [33mviewBox[39m=[32m"0 0 24 24"[39m
                [33mwidth[39m=[32m"24"[39m
                [33mxmlns[39m=[32m"http://www.w3.org/2000/svg"[39m
              [36m>[39m
                [36m<path[39m
                  [33md[39m=[32m"M3 12a9 9 0 0 1 9-9 9.75 9.75 0 0 1 6.74 2.74L21 8"[39m
                [36m/>[39m
                [36m<path[39m
                  [33md[39m=[32m"M21 3v5h-5"[39m
                [36m/>[39m
                [36m<path[39m
                  [33md[39m=[32m"M21 12a9 9 0 0 1-9 9 9.75 9.75 0 0 1-6.74-2.74L3 16"[39m
                [36m/>[39m
                [36m<path[39m
                  [33md[39m=[32m"M8 16H3v5"[39m
                [36m/>[39m
              [36m</svg>[39m
              [0mRefresh[0m
            [36m</button>[39m
          [36m</div>[39m
        [36m</div>[39m
        [36m<div[39m
          [33mclass[39m=[32m"grid grid-cols-1 md:grid-cols-5 gap-4"[39m
        [36m>[39m
          [36m<div[39m
            [33mclass[39m=[32m"rounded-lg border bg-card text-card-foreground shadow-sm"[39m
          [36m>[39m
            [36m<div[39m
              [33mclass[39m=[32m"flex flex-col space-y-1.5 p-6 pb-2"[39m
            [36m>[39m
              [36m<h3[39m
                [33mclass[39m=[32m"tracking-tight text-sm font-medium text-muted-foreground"[39m
              [36m>[39m
                [0mTotal Logs[0m
              [36m</h3>[39m
            [36m</div>[39m
            [36m<div[39m
              [33mclass[39m=[32m"p-6 pt-0"[39m
            [36m>[39m
              [36m<div[39m
                [33mclass[39m=[32m"text-2xl font-bold"[39m
              [36m>[39m
                [0m0[0m
              [36m</div>[39m
            [36m</div>[39m
          [36m</div>[39m
          [36m<div[39m
            [33mclass[39m=[32m"rounded-lg border bg-card text-card-foreground shadow-sm"[39m
          [36m>[39m
            [36m<div[39m
              [33mclass[39m=[32m"flex flex-col space-y-1.5 p-6 pb-2"[39m
            [36m>[39m
              [36m<h3[39m
                [33mclass[39m=[32m"tracking-tight text-sm font-medium text-muted-foreground flex items-center 
gap-2"[39m
              [36m>[39m
                [36m<svg[39m
                  [33mclass[39m=[32m"lucide lucide-circle-x h-4 w-4 text-red-700 ...
[90m [2mโฏ[22m Proxy.waitFor node_modules/@testing-library/dom/dist/wait-for.js:[2m163:27[22m[39m
[36m [2mโฏ[22m src/pages/admin/__tests__/AdminSupport.test.tsx:[2m172:15[22m[39m
    [90m170| [39m        [34mrenderComponent[39m()[33m;[39m
    [90m171| [39m
    [90m172| [39m        [35mawait[39m [34mwaitFor[39m(() [33m=>[39m {
    [90m   | [39m              [31m^[39m
    [90m173| [39m            expect(screen.getByText('Critical Error')).toBeInTheDocumeโ€ฆ
    [90m174| [39m            expect(screen.getByText('Normal Error')).toBeInTheDocumentโ€ฆ

[31m[2mโฏโฏโฏโฏโฏโฏโฏโฏโฏโฏโฏโฏโฏโฏโฏโฏโฏโฏโฏโฏโฏโฏโฏโฏ[3/4]โฏ[22m[39m

[41m[1m FAIL [22m[49m src/pages/admin/__tests__/AdminSupport.test.tsx[2m > [22mAdminSupport[2m > [22mopens 
details dialog when clicking details button
[31m[1mTestingLibraryElementError[22m[39m: Unable to find an element with the text: Detail Test Error. This could 
be because the text is broken up by multiple elements. In this case, you can provide a function for your text matcher 
to make your matcher more flexible.

Ignored nodes: comments, script, style
[36m<body>[39m
  [36m<div>[39m
    [36m<div[39m
      [33mclass[39m=[32m"space-y-6"[39m
    [36m>[39m
      [36m<div[39m
        [33mclass[39m=[32m"flex items-center justify-between"[39m
      [36m>[39m
        [36m<div>[39m
          [36m<h1[39m
            [33mclass[39m=[32m"text-2xl font-bold"[39m
          [36m>[39m
            [0mSupport & Error Logs[0m
          [36m</h1>[39m
          [36m<p[39m
            [33mclass[39m=[32m"text-muted-foreground"[39m
          [36m>[39m
            [0mMonitor and analyze system errors and issues[0m
          [36m</p>[39m
        [36m</div>[39m
        [36m<div[39m
          [33mclass[39m=[32m"flex gap-2"[39m
        [36m>[39m
          [36m<button[39m
            [33mclass[39m=[32m"inline-flex items-center justify-center gap-2 whitespace-nowrap rounded-sm text-sm 
font-medium ring-offset-background transition-all focus-visible:outline-none focus-visible:ring-2 
focus-visible:ring-ring focus-visible:ring-offset-2 disabled:pointer-events-none disabled:opacity-50 
[&_svg]:pointer-events-none [&_svg]:size-4 [&_svg]:shrink-0 uppercase tracking-wider active:scale-95 bg-destructive 
text-destructive-foreground hover:bg-destructive/90 shadow-sm h-10 px-5 py-2"[39m
          [36m>[39m
            [36m<svg[39m
              [33mclass[39m=[32m"lucide lucide-bug h-4 w-4 mr-2"[39m
              [33mfill[39m=[32m"none"[39m
              [33mheight[39m=[32m"24"[39m
              [33mstroke[39m=[32m"currentColor"[39m
              [33mstroke-linecap[39m=[32m"round"[39m
              [33mstroke-linejoin[39m=[32m"round"[39m
              [33mstroke-width[39m=[32m"2"[39m
              [33mviewBox[39m=[32m"0 0 24 24"[39m
              [33mwidth[39m=[32m"24"[39m
              [33mxmlns[39m=[32m"http://www.w3.org/2000/svg"[39m
            [36m>[39m
              [36m<path[39m
                [33md[39m=[32m"m8 2 1.88 1.88"[39m
              [36m/>[39m
              [36m<path[39m
                [33md[39m=[32m"M14.12 3.88 16 2"[39m
              [36m/>[39m
              [36m<path[39m
                [33md[39m=[32m"M9 7.13v-1a3.003 3.003 0 1 1 6 0v1"[39m
              [36m/>[39m
              [36m<path[39m
                [33md[39m=[32m"M12 20c-3.3 0-6-2.7-6-6v-3a4 4 0 0 1 4-4h4a4 4 0 0 1 4 4v3c0 3.3-2.7 6-6 6"[39m
              [36m/>[39m
              [36m<path[39m
                [33md[39m=[32m"M12 20v-9"[39m
              [36m/>[39m
              [36m<path[39m
                [33md[39m=[32m"M6.53 9C4.6 8.8 3 7.1 3 5"[39m
              [36m/>[39m
              [36m<path[39m
                [33md[39m=[32m"M6 13H2"[39m
              [36m/>[39m
              [36m<path[39m
                [33md[39m=[32m"M3 21c0-2.1 1.7-3.9 3.8-4"[39m
              [36m/>[39m
              [36m<path[39m
                [33md[39m=[32m"M20.97 5c0 2.1-1.6 3.8-3.5 4"[39m
              [36m/>[39m
              [36m<path[39m
                [33md[39m=[32m"M22 13h-4"[39m
              [36m/>[39m
              [36m<path[39m
                [33md[39m=[32m"M17.2 17c2.1.1 3.8 1.9 3.8 4"[39m
              [36m/>[39m
            [36m</svg>[39m
            [0mTest Error[0m
          [36m</button>[39m
          [36m<button[39m
            [33mclass[39m=[32m"inline-flex items-center justify-center gap-2 whitespace-nowrap rounded-sm text-sm 
font-medium ring-offset-background transition-all focus-visible:outline-none focus-visible:ring-2 
focus-visible:ring-ring focus-visible:ring-offset-2 disabled:pointer-events-none disabled:opacity-50 
[&_svg]:pointer-events-none [&_svg]:size-4 [&_svg]:shrink-0 uppercase tracking-wider active:scale-95 border 
border-input bg-background/50 backdrop-blur-sm hover:bg-accent hover:text-accent-foreground hover:border-accent/50 
h-10 px-5 py-2"[39m
          [36m>[39m
            [36m<svg[39m
              [33mclass[39m=[32m"lucide lucide-refresh-cw h-4 w-4 mr-2"[39m
              [33mfill[39m=[32m"none"[39m
              [33mheight[39m=[32m"24"[39m
              [33mstroke[39m=[32m"currentColor"[39m
              [33mstroke-linecap[39m=[32m"round"[39m
              [33mstroke-linejoin[39m=[32m"round"[39m
              [33mstroke-width[39m=[32m"2"[39m
              [33mviewBox[39m=[32m"0 0 24 24"[39m
              [33mwidth[39m=[32m"24"[39m
              [33mxmlns[39m=[32m"http://www.w3.org/2000/svg"[39m
            [36m>[39m
              [36m<path[39m
                [33md[39m=[32m"M3 12a9 9 0 0 1 9-9 9.75 9.75 0 0 1 6.74 2.74L21 8"[39m
              [36m/>[39m
              [36m<path[39m
                [33md[39m=[32m"M21 3v5h-5"[39m
              [36m/>[39m
              [36m<path[39m
                [33md[39m=[32m"M21 12a9 9 0 0 1-9 9 9.75 9.75 0 0 1-6.74-2.74L3 16"[39m
              [36m/>[39m
              [36m<path[39m
                [33md[39m=[32m"M8 16H3v5"[39m
              [36m/>[39m
            [36m</svg>[39m
            [0mRefresh[0m
          [36m</button>[39m
        [36m</div>[39m
      [36m</div>[39m
      [36m<div[39m
        [33mclass[39m=[32m"grid grid-cols-1 md:grid-cols-5 gap-4"[39m
      [36m>[39m
        [36m<div[39m
          [33mclass[39m=[32m"rounded-lg border bg-card text-card-foreground shadow-sm"[39m
        [36m>[39m
          [36m<div[39m
            [33mclass[39m=[32m"flex flex-col space-y-1.5 p-6 pb-2"[39m
          [36m>[39m
            [36m<h3[39m
              [33mclass[39m=[32m"tracking-tight text-sm font-medium text-muted-foreground"[39m
            [36m>[39m
              [0mTotal Logs[0m
            [36m</h3>[39m
          [36m</div>[39m
          [36m<div[39m
            [33mclass[39m=[32m"p-6 pt-0"[39m
          [36m>[39m
            [36m<div[39m
              [33mclass[39m=[32m"text-2xl font-bold"[39m
            [36m>[39m
              [0m0[0m
            [36m</div>[39m
          [36m</div>[39m
        [36m</div>[39m
        [36m<div[39m
          [33mclass[39m=[32m"rounded-lg border bg-card text-card-foreground shadow-sm"[39m
        [36m>[39m
          [36m<div[39m
            [33mclass[39m=[32m"flex flex-col space-y-1.5 p-6 pb-2"[39m
          [36m>[39m
            [36m<h3[39m
              [33mclass[39m=[32m"tracking-tight text-sm font-medium text-muted-foreground flex items-center 
gap-2"[39m
            [36m>[39m
              [36m<svg[39m
                [33mclass[39m=[32m"lucide lucide-circle-x h-4 w-4 text-red-700 dark:text-red-500"[39m
                [33mfill[39m=[32m"none"[39m
                [33mheight[39m=[32m"24"[39m
                [33mstroke[39m=[32m"currentColor"[39m
                [33mstroke-linecap[39m=[32m"round"[39m
                [33mstroke-linejoin[39m=[32m"round"[39m
                [33mstro...

Ignored nodes: comments, script, style
[36m<html>[39m
  [36m<head />[39m
  [36m<body>[39m
    [36m<div>[39m
      [36m<div[39m
        [33mclass[39m=[32m"space-y-6"[39m
      [36m>[39m
        [36m<div[39m
          [33mclass[39m=[32m"flex items-center justify-between"[39m
        [36m>[39m
          [36m<div>[39m
            [36m<h1[39m
              [33mclass[39m=[32m"text-2xl font-bold"[39m
            [36m>[39m
              [0mSupport & Error Logs[0m
            [36m</h1>[39m
            [36m<p[39m
              [33mclass[39m=[32m"text-muted-foreground"[39m
            [36m>[39m
              [0mMonitor and analyze system errors and issues[0m
            [36m</p>[39m
          [36m</div>[39m
          [36m<div[39m
            [33mclass[39m=[32m"flex gap-2"[39m
          [36m>[39m
            [36m<button[39m
              [33mclass[39m=[32m"inline-flex items-center justify-center gap-2 whitespace-nowrap rounded-sm text-sm 
font-medium ring-offset-background transition-all focus-visible:outline-none focus-visible:ring-2 
focus-visible:ring-ring focus-visible:ring-offset-2 disabled:pointer-events-none disabled:opacity-50 
[&_svg]:pointer-events-none [&_svg]:size-4 [&_svg]:shrink-0 uppercase tracking-wider active:scale-95 bg-destructive 
text-destructive-foreground hover:bg-destructive/90 shadow-sm h-10 px-5 py-2"[39m
            [36m>[39m
              [36m<svg[39m
                [33mclass[39m=[32m"lucide lucide-bug h-4 w-4 mr-2"[39m

[2m Test Files [22m [1m[31m1 failed[39m[22m[90m (1)[39m
[2m      Tests [22m [1m[31m4 failed[39m[22m[2m | [22m[1m[32m2 passed[39m[22m[90m (6)[39m
[2m   Start at [22m 22:15:54
[2m   Duration [22m 6.12s[2m (transform 221ms, setup 195ms, import 540ms, tests 4.42s, environment 779ms)[22m

                [33mfill[39m=[32m"none"[39m
                [33mheight[39m=[32m"24"[39m
                [33mstroke[39m=[32m"currentColor"[39m
                [33mstroke-linecap[39m=[32m"round"[39m
                [33mstroke-linejoin[39m=[32m"round"[39m
                [33mstroke-width[39m=[32m"2"[39m
                [33mviewBox[39m=[32m"0 0 24 24"[39m
                [33mwidth[39m=[32m"24"[39m
                [33mxmlns[39m=[32m"http://www.w3.org/2000/svg"[39m
              [36m>[39m
                [36m<path[39m
                  [33md[39m=[32m"m8 2 1.88 1.88"[39m
                [36m/>[39m
                [36m<path[39m
                  [33md[39m=[32m"M14.12 3.88 16 2"[39m
                [36m/>[39m
                [36m<path[39m
                  [33md[39m=[32m"M9 7.13v-1a3.003 3.003 0 1 1 6 0v1"[39m
                [36m/>[39m
                [36m<path[39m
                  [33md[39m=[32m"M12 20c-3.3 0-6-2.7-6-6v-3a4 4 0 0 1 4-4h4a4 4 0 0 1 4 4v3c0 3.3-2.7 6-6 6"[39m
                [36m/>[39m
                [36m<path[39m
                  [33md[39m=[32m"M12 20v-9"[39m
                [36m/>[39m
                [36m<path[39m
                  [33md[39m=[32m"M6.53 9C4.6 8.8 3 7.1 3 5"[39m
                [36m/>[39m
                [36m<path[39m
                  [33md[39m=[32m"M6 13H2"[39m
                [36m/>[39m
                [36m<path[39m
                  [33md[39m=[32m"M3 21c0-2.1 1.7-3.9 3.8-4"[39m
                [36m/>[39m
                [36m<path[39m
                  [33md[39m=[32m"M20.97 5c0 2.1-1.6 3.8-3.5 4"[39m
                [36m/>[39m
                [36m<path[39m
                  [33md[39m=[32m"M22 13h-4"[39m
                [36m/>[39m
                [36m<path[39m
                  [33md[39m=[32m"M17.2 17c2.1.1 3.8 1.9 3.8 4"[39m
                [36m/>[39m
              [36m</svg>[39m
              [0mTest Error[0m
            [36m</button>[39m
            [36m<button[39m
              [33mclass[39m=[32m"inline-flex items-center justify-center gap-2 whitespace-nowrap rounded-sm text-sm 
font-medium ring-offset-background transition-all focus-visible:outline-none focus-visible:ring-2 
focus-visible:ring-ring focus-visible:ring-offset-2 disabled:pointer-events-none disabled:opacity-50 
[&_svg]:pointer-events-none [&_svg]:size-4 [&_svg]:shrink-0 uppercase tracking-wider active:scale-95 border 
border-input bg-background/50 backdrop-blur-sm hover:bg-accent hover:text-accent-foreground hover:border-accent/50 
h-10 px-5 py-2"[39m
            [36m>[39m
              [36m<svg[39m
                [33mclass[39m=[32m"lucide lucide-refresh-cw h-4 w-4 mr-2"[39m
                [33mfill[39m=[32m"none"[39m
                [33mheight[39m=[32m"24"[39m
                [33mstroke[39m=[32m"currentColor"[39m
                [33mstroke-linecap[39m=[32m"round"[39m
                [33mstroke-linejoin[39m=[32m"round"[39m
                [33mstroke-width[39m=[32m"2"[39m
                [33mviewBox[39m=[32m"0 0 24 24"[39m
                [33mwidth[39m=[32m"24"[39m
                [33mxmlns[39m=[32m"http://www.w3.org/2000/svg"[39m
              [36m>[39m
                [36m<path[39m
                  [33md[39m=[32m"M3 12a9 9 0 0 1 9-9 9.75 9.75 0 0 1 6.74 2.74L21 8"[39m
                [36m/>[39m
                [36m<path[39m
                  [33md[39m=[32m"M21 3v5h-5"[39m
                [36m/>[39m
                [36m<path[39m
                  [33md[39m=[32m"M21 12a9 9 0 0 1-9 9 9.75 9.75 0 0 1-6.74-2.74L3 16"[39m
                [36m/>[39m
                [36m<path[39m
                  [33md[39m=[32m"M8 16H3v5"[39m
                [36m/>[39m
              [36m</svg>[39m
              [0mRefresh[0m
            [36m</button>[39m
          [36m</div>[39m
        [36m</div>[39m
        [36m<div[39m
          [33mclass[39m=[32m"grid grid-cols-1 md:grid-cols-5 gap-4"[39m
        [36m>[39m
          [36m<div[39m
            [33mclass[39m=[32m"rounded-lg border bg-card text-card-foreground shadow-sm"[39m
          [36m>[39m
            [36m<div[39m
              [33mclass[39m=[32m"flex flex-col space-y-1.5 p-6 pb-2"[39m
            [36m>[39m
              [36m<h3[39m
                [33mclass[39m=[32m"tracking-tight text-sm font-medium text-muted-foreground"[39m
              [36m>[39m
                [0mTotal Logs[0m
              [36m</h3>[39m
            [36m</div>[39m
            [36m<div[39m
              [33mclass[39m=[32m"p-6 pt-0"[39m
            [36m>[39m
              [36m<div[39m
                [33mclass[39m=[32m"text-2xl font-bold"[39m
              [36m>[39m
                [0m0[0m
              [36m</div>[39m
            [36m</div>[39m
          [36m</div>[39m
          [36m<div[39m
            [33mclass[39m=[32m"rounded-lg border bg-card text-card-foreground shadow-sm"[39m
          [36m>[39m
            [36m<div[39m
              [33mclass[39m=[32m"flex flex-col space-y-1.5 p-6 pb-2"[39m
            [36m>[39m
              [36m<h3[39m
                [33mclass[39m=[32m"tracking-tight text-sm font-medium text-muted-foreground flex items-center 
gap-2"[39m
              [36m>[39m
                [36m<svg[39m
                  [33mclass[39m=[32m"lucide lucide-circle-x h-4 w-4 text-red-700 ...
[90m [2mโฏ[22m Proxy.waitFor node_modules/@testing-library/dom/dist/wait-for.js:[2m163:27[22m[39m
[36m [2mโฏ[22m src/pages/admin/__tests__/AdminSupport.test.tsx:[2m234:15[22m[39m
    [90m232| [39m        [34mrenderComponent[39m()[33m;[39m
    [90m233| [39m
    [90m234| [39m        [35mawait[39m [34mwaitFor[39m(() [33m=>[39m {
    [90m   | [39m              [31m^[39m
    [90m235| [39m            expect(screen.getByText('Detail Test Error')).toBeInTheDocโ€ฆ
    [90m236| [39m        })[33m;[39m

[31m[2mโฏโฏโฏโฏโฏโฏโฏโฏโฏโฏโฏโฏโฏโฏโฏโฏโฏโฏโฏโฏโฏโฏโฏโฏ[4/4]โฏ[22m[39m

